Microchip MPLAB XC8 Compiler V2.10 ()

Linker command line:

-W-3 \
  --edf=D:\hk191dhbknam3hk1\e_vi_xu_ly_vi_dieu_khien_\software_needed_for_lab\folder_caidat\Microchip\xc8\v2.10\pic\dat\en_msgs.txt \
  -cs -h+dist/default/production\lab05_try1.X.production.sym \
  --cmf=dist/default/production\lab05_try1.X.production.cmf -z -Q18F8722 \
  -oC:\Users\ASUS\AppData\Local\Temp\s9t0.2 --defsym=__MPLAB_BUILD=1 \
  -Mdist/default/production/lab05_try1.X.production.map -E1 -ver=XC8 \
  --acfsm=1493 -ASTACK=0C9h-0F5Fh -pstack=STACK -ACODE=00h-01FFFFh \
  -ACONST=00h-01FFFFh -ASMALLCONST=01000h-010FFhx496 \
  -AMEDIUMCONST=01000h-0FFFFh,011000h-01FFFFh -ACOMRAM=01h-05Fh \
  -AABS1=00h-0F5Fh -ABIGRAM=01h-0F5Fh \
  -ARAM=060h-0FFh,0100h-01FFhx14,0F00h-0F5Fh -ABANK0=060h-0FFh \
  -ABANK1=0100h-01FFh -ABANK2=0200h-02FFh -ABANK3=0300h-03FFh \
  -ABANK4=0400h-04FFh -ABANK5=0500h-05FFh -ABANK6=0600h-06FFh \
  -ABANK7=0700h-07FFh -ABANK8=0800h-08FFh -ABANK9=0900h-09FFh \
  -ABANK10=0A00h-0AFFh -ABANK11=0B00h-0BFFh -ABANK12=0C00h-0CFFh \
  -ABANK13=0D00h-0DFFh -ABANK14=0E00h-0EFFh -ABANK15=0F00h-0F5Fh \
  -ASFR=0F60h-0FFFh -preset_vec=00h,intcode=08h,intcodelo,powerup,init \
  -pramtop=01000h -psmallconst=SMALLCONST -pmediumconst=MEDIUMCONST \
  -pconst=CONST -AFARRAM=00h-00h -ACONFIG=0300000h-030000Dh -pconfig=CONFIG \
  -AIDLOC=0200000h-0200007h -pidloc=IDLOC -AEEDATA=0F00000h-0F003FFh \
  -peeprom_data=EEDATA \
  -prdata=COMRAM,nvrram=COMRAM,nvbit=COMRAM,rbss=COMRAM,rbit=COMRAM \
  -pfarbss=FARRAM,fardata=FARRAM,nvFARRAM=FARRAM \
  -pintsave_regs=BIGRAM,bigbss=BIGRAM,bigdata=BIGRAM -pbss=RAM \
  -pidata=CODE,irdata=CODE,ibigdata=CODE,ifardata=CODE -prparam=COMRAM \
  C:\Users\ASUS\AppData\Local\Temp\s9t0.o \
  dist/default/production\lab05_try1.X.production.o 

Object code version is 3.11

Machine type is 18F8722

Call graph: (short form)




                Name                               Link     Load   Length Selector   Space Scale
C:\Users\ASUS\AppData\Local\Temp\s9t0.o
                init                                  E        E        4        4       0
                reset_vec                             0        0        4        0       0
                idloc                            200000   200000        8   200000       0
                config                           300000   300000        E   300000       0
dist/default/production\lab05_try1.X.production.o
                intcode                               8        8        6        4       0
                temp                                 5F       5F        1        1       1
                smallconst                         1000     1000       1A      800       0
                text41                             20A4     20A4       5A      80D       0
                text40                             1D1E     1D1E       70      80D       0
                text39                             2414     2414       1A      80D       0
                text38                             1F26     1F26       66      80D       0
                text37                             1F8C     1F8C       62      80D       0
                text36                             16C4     16C4      188      80D       0
                text35                             184C     184C      164      80D       0
                text34                             2216     2216       40      80D       0
                text33                             248C     248C        2      80D       0
                text32                             1A9C     1A9C       CA      80D       0
                text31                             2150     2150       44      80D       0
                text30                             2306     2306       36      80D       0
                text29                             1B66     1B66       C6      80D       0
                text28                             101A     101A      2E2      80D       0
                text27                             14FC     14FC      1C8      80D       0
                text26                             1EC0     1EC0       66      80D       0
                text25                             20FE     20FE       52      80D       0
                text24                             1E5A     1E5A       66      80D       0
                text23                             2292     2292       3C      80D       0
                text22                             2256     2256       3C      80D       0
                text21                             204A     204A       5A      80D       0
                text20                             21D6     21D6       40      80D       0
                text19                             2194     2194       42      80D       0
                text18                             12FC     12FC      200      80D       0
                text17                             236E     236E       2C      80D       0
                text16                             1FEE     1FEE       5C      80D       0
                text15                             23BA     23BA       20      80D       0
                text14                             233C     233C       32      80D       0
                text13                             1DF4     1DF4       66      80D       0
                intcode_body                       19B0     19B0       EC      80D       0
                text11                             2466     2466       12      80D       0
                text10                             1CA8     1CA8       76      80D       0
                text9                              239A     239A       20      80D       0
                text8                              1C2C     1C2C       7C      80D       0
                text7                              23DA     23DA       1E      80D       0
                text6                              1D8E     1D8E       66      80D       0
                text5                              2482     2482        6      80D       0
                text4                              2478     2478        A      80D       0
                text3                              2454     2454       12      80D       0
                text2                              23F8     23F8       1C      80D       0
                text1                              2442     2442       12      80D       0
                text0                              242E     242E       14      80D       0
                cstackCOMRAM                          1        1       5D        1       1
                cstackBANK0                          A7       A7       1C       60       1
                dataBANK0                            C3       C3        4       60       1
                bssBANK0                             60       60       47       60       1
                bssCOMRAM                            5E       5E        1        1       1
                cinit                              22CE     22CE       38      80D       0
                nvBANK0                              C7       C7        2       60       1
                idataBANK0                         2488     2488        4      80D       0

TOTAL           Name                               Link     Load   Length     Space
        CLASS   STACK          

        CLASS   CODE           
                intcode                               8        8        6         0
                init                                  E        E        4         0
                reset_vec                             0        0        4         0
                text41                             20A4     20A4       5A         0
                text40                             1D1E     1D1E       70         0
                text39                             2414     2414       1A         0
                text38                             1F26     1F26       66         0
                text37                             1F8C     1F8C       62         0
                text36                             16C4     16C4      188         0
                text35                             184C     184C      164         0
                text34                             2216     2216       40         0
                text33                             248C     248C        2         0
                text32                             1A9C     1A9C       CA         0
                text31                             2150     2150       44         0
                text30                             2306     2306       36         0
                text29                             1B66     1B66       C6         0
                text28                             101A     101A      2E2         0
                text27                             14FC     14FC      1C8         0
                text26                             1EC0     1EC0       66         0
                text25                             20FE     20FE       52         0
                text24                             1E5A     1E5A       66         0
                text23                             2292     2292       3C         0
                text22                             2256     2256       3C         0
                text21                             204A     204A       5A         0
                text20                             21D6     21D6       40         0
                text19                             2194     2194       42         0
                text18                             12FC     12FC      200         0
                text17                             236E     236E       2C         0
                text16                             1FEE     1FEE       5C         0
                text15                             23BA     23BA       20         0
                text14                             233C     233C       32         0
                text13                             1DF4     1DF4       66         0
                intcode_body                       19B0     19B0       EC         0
                text11                             2466     2466       12         0
                text10                             1CA8     1CA8       76         0
                text9                              239A     239A       20         0
                text8                              1C2C     1C2C       7C         0
                text7                              23DA     23DA       1E         0
                text6                              1D8E     1D8E       66         0
                text5                              2482     2482        6         0
                text4                              2478     2478        A         0
                text3                              2454     2454       12         0
                text2                              23F8     23F8       1C         0
                text1                              2442     2442       12         0
                text0                              242E     242E       14         0
                cinit                              22CE     22CE       38         0
                idataBANK0                         2488     2488        4         0

        CLASS   CONST          

        CLASS   SMALLCONST     
                smallconst                         1000     1000       1A         0

        CLASS   MEDIUMCONST    

        CLASS   COMRAM         
                temp                                 5F       5F        1         1
                cstackCOMRAM                          1        1       5D         1
                bssCOMRAM                            5E       5E        1         1

        CLASS   ABS1           

        CLASS   BIGRAM         

        CLASS   RAM            

        CLASS   BANK0          
                cstackBANK0                          A7       A7       1C         1
                dataBANK0                            C3       C3        4         1
                bssBANK0                             60       60       47         1
                nvBANK0                              C7       C7        2         1

        CLASS   BANK1          

        CLASS   BANK2          

        CLASS   BANK3          

        CLASS   BANK4          

        CLASS   BANK5          

        CLASS   BANK6          

        CLASS   BANK7          

        CLASS   BANK8          

        CLASS   BANK9          

        CLASS   BANK10         

        CLASS   BANK11         

        CLASS   BANK12         

        CLASS   BANK13         

        CLASS   BANK14         

        CLASS   BANK15         

        CLASS   SFR            

        CLASS   FARRAM         

        CLASS   CONFIG         
                config                           300000   300000        E         0

        CLASS   IDLOC          
                idloc                            200000   200000        8         0

        CLASS   EEDATA         



SEGMENTS        Name                           Load    Length   Top    Selector   Space  Class

                reset_vec                      000000  000004  000004         0       0  CODE    
                cstackCOMRAM                   000001  00005F  000060         1       1  COMRAM  
                intcode                        000008  00000A  000012         4       0  CODE    
                bssBANK0                       000060  000069  0000C9        60       1  BANK0   
                smallconst                     001000  00001A  00101A       800       0  SMALLCON
                text28                         00101A  001474  00248E       80D       0  CODE    
                idloc                          200000  000008  200008    200000       0  IDLOC   
                config                         300000  00000E  30000E    300000       0  CONFIG  


UNUSED ADDRESS RANGES

        Name                Unused          Largest block    Delta
        BANK0            0000C9-0000FF               37
        BANK1            000100-0001FF              100
        BANK10           000A00-000AFF              100
        BANK11           000B00-000BFF              100
        BANK12           000C00-000CFF              100
        BANK13           000D00-000DFF              100
        BANK14           000E00-000EFF              100
        BANK15           000F00-000F5F               60
        BANK2            000200-0002FF              100
        BANK3            000300-0003FF              100
        BANK4            000400-0004FF              100
        BANK5            000500-0005FF              100
        BANK6            000600-0006FF              100
        BANK7            000700-0007FF              100
        BANK8            000800-0008FF              100
        BANK9            000900-0009FF              100
        BIGRAM           0000C9-000F5F              E97
        CODE             000004-000007                4
                         000012-000FFF              FEE
                         00248E-01FFFF            1DB72
        CONST            000004-000007                4
                         000012-000FFF              FEE
                         00248E-01FFFF            1DB72
        EEDATA           F00000-F003FF              400
        MEDIUMCONST      00248E-00FFFF             DB72
                         011000-01FFFF             F000
        RAM              0000C9-000F5F              100
        SFR              000F60-000FFF               A0
        SMALLCONST       00248E-01FFFF              100
        STACK            0000C9-000F5F              E97

                                  Symbol Table

?___aodiv                         cstackCOMRAM 000001
?___aomod                         cstackCOMRAM 000001
?_abs                             cstackCOMRAM 000013
?_check_but_RA5                   cstackCOMRAM 000001
?_check_but_RB0                   cstackCOMRAM 000001
?_dtoa                            cstackCOMRAM 00001C
?_pad                             cstackCOMRAM 000011
?_sprintf                         cstackCOMRAM 000058
?_strlen                          cstackCOMRAM 000001
?_vfpfcnvrt                       cstackCOMRAM 000040
?_vfprintf                        cstackCOMRAM 000050
DHT11_ReadData@data_dht           cstackCOMRAM 000002
DHT11_ReadData@i                  cstackCOMRAM 000001
LCDPutChar@ch                     cstackCOMRAM 000007
LCDPutInst@ch                     cstackBANK0  0000C1
LCDPutStr@ptr                     cstackCOMRAM 000008
Port_BBSPIInit@port_dir           cstackBANK0  0000BE
SendByteBBSPI@bitcount            cstackBANK0  0000BC
SendByteBBSPI@input               cstackBANK0  0000BD
SendByteBBSPI@output              cstackBANK0  0000BB
WritePort_BBSPI@a                 cstackBANK0  0000BE
WritePort_BBSPI@port_add          cstackBANK0  0000BF
_ADCON1                           (abs)        000FC1
_Checksum                         bssBANK0     000072
_DHT11_CheckResponse              text17       00236E
_DHT11_ReadData                   text16       001FEE
_DHT11_Start                      text15       0023BA
_FSM                              text18       0012FC
_INTCON2bits                      (abs)        000FF1
_INTCONbits                       (abs)        000FF2
_InitBBSPI                        text11       002466
_LATAbits                         (abs)        000F89
_LATC0                            (abs)        007C58
_LATCbits                         (abs)        000F8B
_LATD                             (abs)        000F8C
_LATFbits                         (abs)        000F8E
_LCDInit                          text6        001D8E
_LCDPutChar                       text38       001F26
_LCDPutInst                       text8        001C2C
_LCDPutStr                        text37       001F8C
_MY_FSM                           bssBANK0     000077
_OSCCON                           (abs)        000FD3
_OSCTUNE                          (abs)        000F9B
_PORTAbits                        (abs)        000F80
_PORTBbits                        (abs)        000F81
_PORTCbits                        (abs)        000F82
_Port_BBSPIInit                   text7        0023DA
_RCONbits                         (abs)        000FD0
_RH_Decimal                       bssBANK0     000076
_RH_Integral                      bssBANK0     000075
_SendByteBBSPI                    text10       001CA8
_T0CON                            (abs)        000FD5
_T0CONbits                        (abs)        000FD5
_TMR0                             (abs)        000FD6
_TMR0H                            (abs)        000FD7
_TMR0L                            (abs)        000FD6
_TRISAbits                        (abs)        000F92
_TRISBbits                        (abs)        000F93
_TRISCbits                        (abs)        000F94
_TRISD                            (abs)        000F95
_TRISFbits                        (abs)        000F97
_T_Decimal                        bssBANK0     000074
_T_Integral                       bssBANK0     000073
_WritePort_BBSPI                  text9        00239A
__CFG_BOREN$OFF                   (abs)        000000
__CFG_FCMEN$OFF                   (abs)        000000
__CFG_IESO$OFF                    (abs)        000000
__CFG_LVP$OFF                     (abs)        000000
__CFG_MCLRE$ON                    (abs)        000000
__CFG_OSC$INTIO67                 (abs)        000000
__CFG_PWRT$OFF                    (abs)        000000
__CFG_WDT$OFF                     (abs)        000000
__CFG_XINST$OFF                   (abs)        000000
__HRAM                            (abs)        000000
__Habs1                           abs1         000000
__Hbank0                          bank0        000000
__Hbank1                          bank1        000000
__Hbank10                         bank10       000000
__Hbank11                         bank11       000000
__Hbank12                         bank12       000000
__Hbank13                         bank13       000000
__Hbank14                         bank14       000000
__Hbank15                         bank15       000000
__Hbank2                          bank2        000000
__Hbank3                          bank3        000000
__Hbank4                          bank4        000000
__Hbank5                          bank5        000000
__Hbank6                          bank6        000000
__Hbank7                          bank7        000000
__Hbank8                          bank8        000000
__Hbank9                          bank9        000000
__Hbigbss                         bigbss       000000
__Hbigdata                        bigdata      000000
__Hbigram                         bigram       000000
__Hbss                            bss          000000
__HbssBANK0                       bssBANK0     000000
__HbssCOMRAM                      bssCOMRAM    000000
__Hcinit                          cinit        000000
__Hclrtext                        clrtext      000000
__Hcomram                         comram       000000
__Hconfig                         config       30000E
__Hconst                          const        000000
__HcstackBANK0                    cstackBANK0  000000
__HcstackCOMRAM                   cstackCOMRAM 000000
__Hdata                           data         000000
__HdataBANK0                      dataBANK0    000000
__Heeprom_data                    eeprom_data  000000
__Hfarbss                         farbss       000000
__Hfardata                        fardata      000000
__Hibigdata                       ibigdata     000000
__Hidata                          idata        000000
__HidataBANK0                     idataBANK0   000000
__Hidloc                          idloc        200008
__Hifardata                       ifardata     000000
__Hinit                           init         000012
__Hintcode                        intcode      00000E
__Hintcode_body                   intcode_body 000000
__Hintcodelo                      intcodelo    00000E
__Hintentry                       intentry     000000
__Hintret                         intret       000000
__Hintsave_regs                   intsave_regs 000000
__Hirdata                         irdata       000000
__Hmediumconst                    mediumconst  000000
__HnvBANK0                        nvBANK0      000000
__HnvFARRAM                       nvFARRAM     000000
__Hnvbit                          nvbit        000000
__Hnvrram                         nvrram       000000
__Hparam                          rparam       000000
__Hpowerup                        powerup      00000E
__Hram                            ram          000000
__Hramtop                         ramtop       001000
__Hrbit                           rbit         000000
__Hrbss                           rbss         000000
__Hrdata                          rdata        000000
__Hreset_vec                      reset_vec    000004
__Hrparam                         rparam       000000
__Hsfr                            sfr          000000
__Hsmallconst                     smallconst   00101A
__Hspace_0                        (abs)        30000E
__Hspace_1                        (abs)        0000C9
__Hspace_2                        (abs)        000000
__Hstack                          stack        000000
__Hstruct                         struct       000000
__Htemp                           temp         000060
__Htext                           text         000000
__Htext0                          text0        000000
__Htext1                          text1        000000
__Htext10                         text10       000000
__Htext11                         text11       000000
__Htext13                         text13       000000
__Htext14                         text14       000000
__Htext15                         text15       000000
__Htext16                         text16       000000
__Htext17                         text17       000000
__Htext18                         text18       000000
__Htext19                         text19       000000
__Htext2                          text2        000000
__Htext20                         text20       000000
__Htext21                         text21       000000
__Htext22                         text22       000000
__Htext23                         text23       000000
__Htext24                         text24       000000
__Htext25                         text25       000000
__Htext26                         text26       000000
__Htext27                         text27       000000
__Htext28                         text28       000000
__Htext29                         text29       000000
__Htext3                          text3        000000
__Htext30                         text30       000000
__Htext31                         text31       000000
__Htext32                         text32       000000
__Htext33                         text33       000000
__Htext34                         text34       000000
__Htext35                         text35       000000
__Htext36                         text36       000000
__Htext37                         text37       000000
__Htext38                         text38       000000
__Htext39                         text39       000000
__Htext4                          text4        000000
__Htext40                         text40       000000
__Htext41                         text41       000000
__Htext5                          text5        000000
__Htext6                          text6        000000
__Htext7                          text7        000000
__Htext8                          text8        000000
__Htext9                          text9        000000
__LRAM                            (abs)        000001
__Labs1                           abs1         000000
__Lbank0                          bank0        000000
__Lbank1                          bank1        000000
__Lbank10                         bank10       000000
__Lbank11                         bank11       000000
__Lbank12                         bank12       000000
__Lbank13                         bank13       000000
__Lbank14                         bank14       000000
__Lbank15                         bank15       000000
__Lbank2                          bank2        000000
__Lbank3                          bank3        000000
__Lbank4                          bank4        000000
__Lbank5                          bank5        000000
__Lbank6                          bank6        000000
__Lbank7                          bank7        000000
__Lbank8                          bank8        000000
__Lbank9                          bank9        000000
__Lbigbss                         bigbss       000000
__Lbigdata                        bigdata      000000
__Lbigram                         bigram       000000
__Lbss                            bss          000000
__LbssBANK0                       bssBANK0     000000
__LbssCOMRAM                      bssCOMRAM    000000
__Lcinit                          cinit        000000
__Lclrtext                        clrtext      000000
__Lcomram                         comram       000000
__Lconfig                         config       300000
__Lconst                          const        000000
__LcstackBANK0                    cstackBANK0  000000
__LcstackCOMRAM                   cstackCOMRAM 000000
__Ldata                           data         000000
__LdataBANK0                      dataBANK0    000000
__Leeprom_data                    eeprom_data  000000
__Lfarbss                         farbss       000000
__Lfardata                        fardata      000000
__Libigdata                       ibigdata     000000
__Lidata                          idata        000000
__LidataBANK0                     idataBANK0   000000
__Lidloc                          idloc        200000
__Lifardata                       ifardata     000000
__Linit                           init         00000E
__Lintcode                        intcode      000008
__Lintcode_body                   intcode_body 000000
__Lintcodelo                      intcodelo    00000E
__Lintentry                       intentry     000000
__Lintret                         intret       000000
__Lintsave_regs                   intsave_regs 000000
__Lirdata                         irdata       000000
__Lmediumconst                    mediumconst  000000
__LnvBANK0                        nvBANK0      000000
__LnvFARRAM                       nvFARRAM     000000
__Lnvbit                          nvbit        000000
__Lnvrram                         nvrram       000000
__Lparam                          rparam       000000
__Lpowerup                        powerup      00000E
__Lram                            ram          000000
__Lramtop                         ramtop       001000
__Lrbit                           rbit         000000
__Lrbss                           rbss         000000
__Lrdata                          rdata        000000
__Lreset_vec                      reset_vec    000000
__Lrparam                         rparam       000000
__Lsfr                            sfr          000000
__Lsmallconst                     smallconst   001000
__Lspace_0                        (abs)        000000
__Lspace_1                        (abs)        000000
__Lspace_2                        (abs)        000000
__Lstack                          stack        000000
__Lstruct                         struct       000000
__Ltemp                           temp         00005F
__Ltext                           text         000000
__Ltext0                          text0        000000
__Ltext1                          text1        000000
__Ltext10                         text10       000000
__Ltext11                         text11       000000
__Ltext13                         text13       000000
__Ltext14                         text14       000000
__Ltext15                         text15       000000
__Ltext16                         text16       000000
__Ltext17                         text17       000000
__Ltext18                         text18       000000
__Ltext19                         text19       000000
__Ltext2                          text2        000000
__Ltext20                         text20       000000
__Ltext21                         text21       000000
__Ltext22                         text22       000000
__Ltext23                         text23       000000
__Ltext24                         text24       000000
__Ltext25                         text25       000000
__Ltext26                         text26       000000
__Ltext27                         text27       000000
__Ltext28                         text28       000000
__Ltext29                         text29       000000
__Ltext3                          text3        000000
__Ltext30                         text30       000000
__Ltext31                         text31       000000
__Ltext32                         text32       000000
__Ltext33                         text33       000000
__Ltext34                         text34       000000
__Ltext35                         text35       000000
__Ltext36                         text36       000000
__Ltext37                         text37       000000
__Ltext38                         text38       000000
__Ltext39                         text39       000000
__Ltext4                          text4        000000
__Ltext40                         text40       000000
__Ltext41                         text41       000000
__Ltext5                          text5        000000
__Ltext6                          text6        000000
__Ltext7                          text7        000000
__Ltext8                          text8        000000
__Ltext9                          text9        000000
__S0                              (abs)        30000E
__S1                              (abs)        0000C9
__S2                              (abs)        000000
___aodiv                          text36       0016C4
___aodiv@counter                  cstackCOMRAM 000011
___aodiv@dividend                 cstackCOMRAM 000001
___aodiv@divisor                  cstackCOMRAM 000009
___aodiv@quotient                 cstackCOMRAM 000013
___aodiv@sign                     cstackCOMRAM 000012
___aomod                          text35       00184C
___aomod@counter                  cstackCOMRAM 000011
___aomod@dividend                 cstackCOMRAM 000001
___aomod@divisor                  cstackCOMRAM 000009
___aomod@sign                     cstackCOMRAM 000012
___extmem_base                    (abs)        020000
___inthi_sp                       stack        000000
___intlo_sp                       stack        000000
___param_bank                     (abs)        000000
___rparam_used                    (abs)        000001
___sp                             stack        000000
__accesstop                       (abs)        000060
__activetblptr                    (abs)        000003
__end_of_DHT11_CheckResponse      text17       00239A
__end_of_DHT11_ReadData           text16       00204A
__end_of_DHT11_Start              text15       0023DA
__end_of_FSM                      text18       0014FC
__end_of_InitBBSPI                text11       002478
__end_of_LCDInit                  text6        001DF4
__end_of_LCDPutChar               text38       001F8C
__end_of_LCDPutInst               text8        001CA8
__end_of_LCDPutStr                text37       001FEE
__end_of_Port_BBSPIInit           text7        0023F8
__end_of_SendByteBBSPI            text10       001D1E
__end_of_WritePort_BBSPI          text9        0023BA
__end_of___aodiv                  text36       00184C
__end_of___aomod                  text35       0019B0
__end_of__initialization          cinit        0022FC
__end_of_abs                      text34       002256
__end_of_check_but_RA5            text21       0020A4
__end_of_check_but_RB0            text41       0020FE
__end_of_dtoa                     text28       0012FC
__end_of_fputc                    text32       001B66
__end_of_fputs                    text31       002194
__end_of_function_interrupt_TMR0  intcode_body 001A9C
__end_of_interrupt_initialize     text5        002488
__end_of_main                     text0        002442
__end_of_operate_DHT11            text14       00236E
__end_of_oscillator_initialize    text4        002482
__end_of_pad                      text29       001C2C
__end_of_pin_manager              text3        002466
__end_of_print_DHT11              text13       001E5A
__end_of_print_hum_state2         text23       0022CE
__end_of_print_temp_state1        text22       002292
__end_of_putch                    text33       00248E
__end_of_set_defined_hum          text20       002216
__end_of_set_defined_temp         text19       0021D6
__end_of_sprintf                  text25       002150
__end_of_strlen                   text30       00233C
__end_of_system_initialize        text1        002454
__end_of_timer_0_initialize       text2        002414
__end_of_vfpfcnvrt                text27       0016C4
__end_of_vfprintf                 text26       001F26
__end_ofi2_LCDPutInst             text24       001EC0
__end_ofi2_SendByteBBSPI          text40       001D8E
__end_ofi2_WritePort_BBSPI        text39       00242E
__initialization                  cinit        0022CE
__mediumconst                     mediumconst  000000
__pbssBANK0                       bssBANK0     000060
__pbssCOMRAM                      bssCOMRAM    00005E
__pcinit                          cinit        0022CE
__pcstackBANK0                    cstackBANK0  0000A7
__pcstackCOMRAM                   cstackCOMRAM 000001
__pdataBANK0                      dataBANK0    0000C3
__pidataBANK0                     idataBANK0   002488
__pintcode                        intcode      000008
__pintcode_body                   intcode_body 0019B0
__pnvBANK0                        nvBANK0      0000C7
__psmallconst                     smallconst   001000
__ptext0                          text0        00242E
__ptext1                          text1        002442
__ptext10                         text10       001CA8
__ptext11                         text11       002466
__ptext13                         text13       001DF4
__ptext14                         text14       00233C
__ptext15                         text15       0023BA
__ptext16                         text16       001FEE
__ptext17                         text17       00236E
__ptext18                         text18       0012FC
__ptext19                         text19       002194
__ptext2                          text2        0023F8
__ptext20                         text20       0021D6
__ptext21                         text21       00204A
__ptext22                         text22       002256
__ptext23                         text23       002292
__ptext24                         text24       001E5A
__ptext25                         text25       0020FE
__ptext26                         text26       001EC0
__ptext27                         text27       0014FC
__ptext28                         text28       00101A
__ptext29                         text29       001B66
__ptext3                          text3        002454
__ptext30                         text30       002306
__ptext31                         text31       002150
__ptext32                         text32       001A9C
__ptext33                         text33       00248C
__ptext34                         text34       002216
__ptext35                         text35       00184C
__ptext36                         text36       0016C4
__ptext37                         text37       001F8C
__ptext38                         text38       001F26
__ptext39                         text39       002414
__ptext4                          text4        002478
__ptext40                         text40       001D1E
__ptext41                         text41       0020A4
__ptext5                          text5        002482
__ptext6                          text6        001D8E
__ptext7                          text7        0023DA
__ptext8                          text8        001C2C
__ptext9                          text9        00239A
__ramtop                          ramtop       001000
__size_of_DHT11_CheckResponse     (abs)        000000
__size_of_DHT11_ReadData          (abs)        000000
__size_of_DHT11_Start             (abs)        000000
__size_of_FSM                     (abs)        000000
__size_of_InitBBSPI               (abs)        000000
__size_of_LCDInit                 (abs)        000000
__size_of_LCDPutChar              (abs)        000000
__size_of_LCDPutInst              (abs)        000000
__size_of_LCDPutStr               (abs)        000000
__size_of_Port_BBSPIInit          (abs)        000000
__size_of_SendByteBBSPI           (abs)        000000
__size_of_WritePort_BBSPI         (abs)        000000
__size_of___aodiv                 (abs)        000000
__size_of___aomod                 (abs)        000000
__size_of_abs                     (abs)        000000
__size_of_check_but_RA5           (abs)        000000
__size_of_check_but_RB0           (abs)        000000
__size_of_dtoa                    (abs)        000000
__size_of_fputc                   (abs)        000000
__size_of_fputs                   (abs)        000000
__size_of_function_interrupt_TMR0 (abs)        000000
__size_of_interrupt_initialize    (abs)        000000
__size_of_main                    (abs)        000000
__size_of_operate_DHT11           (abs)        000000
__size_of_oscillator_initialize   (abs)        000000
__size_of_pad                     (abs)        000000
__size_of_pin_manager             (abs)        000000
__size_of_print_DHT11             (abs)        000000
__size_of_print_hum_state2        (abs)        000000
__size_of_print_temp_state1       (abs)        000000
__size_of_putch                   (abs)        000000
__size_of_set_defined_hum         (abs)        000000
__size_of_set_defined_temp        (abs)        000000
__size_of_sprintf                 (abs)        000000
__size_of_strlen                  (abs)        000000
__size_of_system_initialize       (abs)        000000
__size_of_timer_0_initialize      (abs)        000000
__size_of_vfpfcnvrt               (abs)        000000
__size_of_vfprintf                (abs)        000000
__size_ofi2_LCDPutInst            (abs)        000000
__size_ofi2_SendByteBBSPI         (abs)        000000
__size_ofi2_WritePort_BBSPI       (abs)        000000
__smallconst                      smallconst   001000
_abs                              text34       002216
_check_but_RA5                    text21       00204A
_check_but_RB0                    text41       0020A4
_count_1_sec                      bssBANK0     000068
_count_2_sec                      bssBANK0     000070
_current_state                    bssCOMRAM    00005E
_dbuf                             bssBANK0     00007A
_defined_hum                      dataBANK0    0000C3
_defined_temp                     dataBANK0    0000C5
_defined_value_arr                bssBANK0     0000A4
_dtoa                             text28       00101A
_dtoa$1270                        cstackCOMRAM 00002E
_flag_RA5                         bssBANK0     000078
_flag_RB0                         bssBANK0     000079
_flags                            bssBANK0     000066
_fputc                            text32       001A9C
_fputs                            text31       002150
_function_interrupt_TMR0          intcode      000008
_interrupt_initialize             text5        002482
_main                             text0        00242E
_nout                             bssBANK0     000060
_operate_DHT11                    text14       00233C
_oscillator_initialize            text4        002478
_pad                              text29       001B66
_pin_manager                      text3        002454
_prec                             bssBANK0     000064
_print_DHT11                      text13       001DF4
_print_hum_state2                 text23       002292
_print_temp_state1                text22       002256
_putch                            text33       00248C
_set_defined_hum                  text20       0021D6
_set_defined_temp                 text19       002194
_sprintf                          text25       0020FE
_strlen                           text30       002306
_system_initialize                text1        002442
_time_out_fan1                    bssBANK0     00006C
_time_out_heater                  bssBANK0     00006E
_timeout_heatpump                 bssBANK0     00006A
_timer0ReloadVal                  nvBANK0      0000C7
_timer_0_initialize               text2        0023F8
_value                            bssBANK0     00009A
_vfpfcnvrt                        text27       0014FC
_vfprintf                         text26       001EC0
_width                            bssBANK0     000062
abs@a                             cstackCOMRAM 000013
btemp                             temp         00005F
dtoa@d                            cstackCOMRAM 00001E
dtoa@fp                           cstackCOMRAM 00001C
dtoa@i                            cstackCOMRAM 00003E
dtoa@n                            cstackCOMRAM 000036
dtoa@p                            cstackCOMRAM 000030
dtoa@s                            cstackCOMRAM 000034
dtoa@w                            cstackCOMRAM 000032
end_of_initialization             cinit        0022FC
fputc@c                           cstackCOMRAM 000001
fputc@fp                          cstackCOMRAM 000003
fputs@c                           cstackCOMRAM 00000E
fputs@fp                          cstackCOMRAM 00000C
fputs@i                           cstackCOMRAM 00000F
fputs@s                           cstackCOMRAM 00000A
i2LCDPutInst@ch                   cstackCOMRAM 000007
i2SendByteBBSPI@bitcount          cstackCOMRAM 000002
i2SendByteBBSPI@input             cstackCOMRAM 000003
i2SendByteBBSPI@output            cstackCOMRAM 000001
i2WritePort_BBSPI@a               cstackCOMRAM 000004
i2WritePort_BBSPI@port_add        cstackCOMRAM 000005
i2_LCDPutInst                     text24       001E5A
i2_SendByteBBSPI                  text40       001D1E
i2_WritePort_BBSPI                text39       002414
int$flags                         temp         00005F
int_func                          intcode_body 0019B0
intlevel0                         text         000000
intlevel1                         text         000000
intlevel2                         text         000000
intlevel3                         text         000000
pad@buf                           cstackCOMRAM 000013
pad@fp                            cstackCOMRAM 000011
pad@i                             cstackCOMRAM 000018
pad@p                             cstackCOMRAM 000015
pad@w                             cstackCOMRAM 00001A
sprintf@ap                        cstackBANK0  0000A9
sprintf@f                         cstackBANK0  0000AB
sprintf@fmt                       cstackCOMRAM 00005A
sprintf@s                         cstackCOMRAM 000058
stackhi                           (abs)        000F5F
stacklo                           (abs)        0000C9
start                             init         00000E
start_initialization              cinit        0022CE
strlen@a                          cstackCOMRAM 000003
strlen@s                          cstackCOMRAM 000001
ttemp5                            temp         000060
ttemp6                            temp         000063
ttemp7                            temp         000067
vfpfcnvrt@ap                      cstackCOMRAM 000044
vfpfcnvrt@fmt                     cstackCOMRAM 000042
vfpfcnvrt@fp                      cstackCOMRAM 000040
vfpfcnvrt@ll                      cstackCOMRAM 000048
vfprintf@ap                       cstackCOMRAM 000054
vfprintf@cfmt                     cstackCOMRAM 000056
vfprintf@fmt                      cstackCOMRAM 000052
vfprintf@fp                       cstackCOMRAM 000050
wtemp8                            temp         000060


FUNCTION INFORMATION:

 *************** function _main *****************
 Defined at:
		line 9 in file "main.c"
 Parameters:    Size  Location     Type
		None
 Auto vars:     Size  Location     Type
		None
 Return value:  Size  Location     Type
                  1    wreg      void 
 Registers used:
		wreg, status,2, status,0, cstack
 Tracked objects:
		On entry : 
		On exit  : 
		Unchanged: 
 Data sizes:     COMRAM   BANK0   BANK1   BANK2   BANK3   BANK4   BANK5   BANK6   BANK7   BANK8   BANK9  BANK10  BANK11  BANK12  BANK13  BANK14  BANK15
      Params:         0       0       0       0       0       0       0       0       0       0       0       0       0       0       0       0       0
      Locals:         0       0       0       0       0       0       0       0       0       0       0       0       0       0       0       0       0
      Temps:          0       0       0       0       0       0       0       0       0       0       0       0       0       0       0       0       0
      Totals:         0       0       0       0       0       0       0       0       0       0       0       0       0       0       0       0       0
Total ram usage:        0 bytes
 Hardware stack levels required when called:   15
 This function calls:
		_LCDInit
		_system_initialize
 This function is called by:
		Startup code after reset
 This function uses a non-reentrant model


 *************** function _system_initialize *****************
 Defined at:
		line 3 in file "setup_basic.c"
 Parameters:    Size  Location     Type
		None
 Auto vars:     Size  Location     Type
		None
 Return value:  Size  Location     Type
                  1    wreg      void 
 Registers used:
		wreg, status,2, cstack
 Tracked objects:
		On entry : 
		On exit  : 
		Unchanged: 
 Data sizes:     COMRAM   BANK0   BANK1   BANK2   BANK3   BANK4   BANK5   BANK6   BANK7   BANK8   BANK9  BANK10  BANK11  BANK12  BANK13  BANK14  BANK15
      Params:         0       0       0       0       0       0       0       0       0       0       0       0       0       0       0       0       0
      Locals:         0       0       0       0       0       0       0       0       0       0       0       0       0       0       0       0       0
      Temps:          0       0       0       0       0       0       0       0       0       0       0       0       0       0       0       0       0
      Totals:         0       0       0       0       0       0       0       0       0       0       0       0       0       0       0       0       0
Total ram usage:        0 bytes
 Hardware stack levels used:    1
 Hardware stack levels required when called:   12
 This function calls:
		_interrupt_initialize
		_oscillator_initialize
		_pin_manager
		_timer_0_initialize
 This function is called by:
		_main
 This function uses a non-reentrant model


 *************** function _timer_0_initialize *****************
 Defined at:
		line 43 in file "setup_basic.c"
 Parameters:    Size  Location     Type
		None
 Auto vars:     Size  Location     Type
		None
 Return value:  Size  Location     Type
                  1    wreg      void 
 Registers used:
		wreg, status,2
 Tracked objects:
		On entry : 
		On exit  : 
		Unchanged: 
 Data sizes:     COMRAM   BANK0   BANK1   BANK2   BANK3   BANK4   BANK5   BANK6   BANK7   BANK8   BANK9  BANK10  BANK11  BANK12  BANK13  BANK14  BANK15
      Params:         0       0       0       0       0       0       0       0       0       0       0       0       0       0       0       0       0
      Locals:         0       0       0       0       0       0       0       0       0       0       0       0       0       0       0       0       0
      Temps:          0       0       0       0       0       0       0       0       0       0       0       0       0       0       0       0       0
      Totals:         0       0       0       0       0       0       0       0       0       0       0       0       0       0       0       0       0
Total ram usage:        0 bytes
 Hardware stack levels used:    1
 Hardware stack levels required when called:   11
 This function calls:
		Nothing
 This function is called by:
		_system_initialize
 This function uses a non-reentrant model


 *************** function _pin_manager *****************
 Defined at:
		line 12 in file "setup_basic.c"
 Parameters:    Size  Location     Type
		None
 Auto vars:     Size  Location     Type
		None
 Return value:  Size  Location     Type
                  1    wreg      void 
 Registers used:
		wreg, status,2
 Tracked objects:
		On entry : 
		On exit  : 
		Unchanged: 
 Data sizes:     COMRAM   BANK0   BANK1   BANK2   BANK3   BANK4   BANK5   BANK6   BANK7   BANK8   BANK9  BANK10  BANK11  BANK12  BANK13  BANK14  BANK15
      Params:         0       0       0       0       0       0       0       0       0       0       0       0       0       0       0       0       0
      Locals:         0       0       0       0       0       0       0       0       0       0       0       0       0       0       0       0       0
      Temps:          0       0       0       0       0       0       0       0       0       0       0       0       0       0       0       0       0
      Totals:         0       0       0       0       0       0       0       0       0       0       0       0       0       0       0       0       0
Total ram usage:        0 bytes
 Hardware stack levels used:    1
 Hardware stack levels required when called:   11
 This function calls:
		Nothing
 This function is called by:
		_system_initialize
 This function uses a non-reentrant model


 *************** function _oscillator_initialize *****************
 Defined at:
		line 23 in file "setup_basic.c"
 Parameters:    Size  Location     Type
		None
 Auto vars:     Size  Location     Type
		None
 Return value:  Size  Location     Type
                  1    wreg      void 
 Registers used:
		wreg, status,2
 Tracked objects:
		On entry : 
		On exit  : 
		Unchanged: 
 Data sizes:     COMRAM   BANK0   BANK1   BANK2   BANK3   BANK4   BANK5   BANK6   BANK7   BANK8   BANK9  BANK10  BANK11  BANK12  BANK13  BANK14  BANK15
      Params:         0       0       0       0       0       0       0       0       0       0       0       0       0       0       0       0       0
      Locals:         0       0       0       0       0       0       0       0       0       0       0       0       0       0       0       0       0
      Temps:          0       0       0       0       0       0       0       0       0       0       0       0       0       0       0       0       0
      Totals:         0       0       0       0       0       0       0       0       0       0       0       0       0       0       0       0       0
Total ram usage:        0 bytes
 Hardware stack levels used:    1
 Hardware stack levels required when called:   11
 This function calls:
		Nothing
 This function is called by:
		_system_initialize
 This function uses a non-reentrant model


 *************** function _interrupt_initialize *****************
 Defined at:
		line 30 in file "setup_basic.c"
 Parameters:    Size  Location     Type
		None
 Auto vars:     Size  Location     Type
		None
 Return value:  Size  Location     Type
                  1    wreg      void 
 Registers used:
		None
 Tracked objects:
		On entry : 
		On exit  : 
		Unchanged: 
 Data sizes:     COMRAM   BANK0   BANK1   BANK2   BANK3   BANK4   BANK5   BANK6   BANK7   BANK8   BANK9  BANK10  BANK11  BANK12  BANK13  BANK14  BANK15
      Params:         0       0       0       0       0       0       0       0       0       0       0       0       0       0       0       0       0
      Locals:         0       0       0       0       0       0       0       0       0       0       0       0       0       0       0       0       0
      Temps:          0       0       0       0       0       0       0       0       0       0       0       0       0       0       0       0       0
      Totals:         0       0       0       0       0       0       0       0       0       0       0       0       0       0       0       0       0
Total ram usage:        0 bytes
 Hardware stack levels used:    1
 Hardware stack levels required when called:   11
 This function calls:
		Nothing
 This function is called by:
		_system_initialize
 This function uses a non-reentrant model


 *************** function _LCDInit *****************
 Defined at:
		line 3 in file "setup_LCD_2.c"
 Parameters:    Size  Location     Type
		None
 Auto vars:     Size  Location     Type
		None
 Return value:  Size  Location     Type
                  1    wreg      void 
 Registers used:
		wreg, status,2, status,0, cstack
 Tracked objects:
		On entry : 
		On exit  : 
		Unchanged: 
 Data sizes:     COMRAM   BANK0   BANK1   BANK2   BANK3   BANK4   BANK5   BANK6   BANK7   BANK8   BANK9  BANK10  BANK11  BANK12  BANK13  BANK14  BANK15
      Params:         0       0       0       0       0       0       0       0       0       0       0       0       0       0       0       0       0
      Locals:         0       0       0       0       0       0       0       0       0       0       0       0       0       0       0       0       0
      Temps:          0       1       0       0       0       0       0       0       0       0       0       0       0       0       0       0       0
      Totals:         0       1       0       0       0       0       0       0       0       0       0       0       0       0       0       0       0
Total ram usage:        1 bytes
 Hardware stack levels used:    1
 Hardware stack levels required when called:   14
 This function calls:
		_InitBBSPI
		_LCDPutInst
		_Port_BBSPIInit
		_WritePort_BBSPI
 This function is called by:
		_main
 This function uses a non-reentrant model


 *************** function _Port_BBSPIInit *****************
 Defined at:
		line 81 in file "setup_LCD_2.c"
 Parameters:    Size  Location     Type
  port_dir        1    wreg     unsigned char 
 Auto vars:     Size  Location     Type
  port_dir        1   23[BANK0 ] unsigned char 
 Return value:  Size  Location     Type
                  1    wreg      void 
 Registers used:
		wreg, status,2, status,0, cstack
 Tracked objects:
		On entry : 
		On exit  : 
		Unchanged: 
 Data sizes:     COMRAM   BANK0   BANK1   BANK2   BANK3   BANK4   BANK5   BANK6   BANK7   BANK8   BANK9  BANK10  BANK11  BANK12  BANK13  BANK14  BANK15
      Params:         0       0       0       0       0       0       0       0       0       0       0       0       0       0       0       0       0
      Locals:         0       1       0       0       0       0       0       0       0       0       0       0       0       0       0       0       0
      Temps:          0       0       0       0       0       0       0       0       0       0       0       0       0       0       0       0       0
      Totals:         0       1       0       0       0       0       0       0       0       0       0       0       0       0       0       0       0
Total ram usage:        1 bytes
 Hardware stack levels used:    1
 Hardware stack levels required when called:   12
 This function calls:
		_SendByteBBSPI
 This function is called by:
		_LCDInit
 This function uses a non-reentrant model


 *************** function _LCDPutInst *****************
 Defined at:
		line 137 in file "setup_LCD_2.c"
 Parameters:    Size  Location     Type
  ch              1    wreg     unsigned char 
 Auto vars:     Size  Location     Type
  ch              1   26[BANK0 ] unsigned char 
 Return value:  Size  Location     Type
                  1    wreg      void 
 Registers used:
		wreg, status,2, status,0, cstack
 Tracked objects:
		On entry : 
		On exit  : 
		Unchanged: 
 Data sizes:     COMRAM   BANK0   BANK1   BANK2   BANK3   BANK4   BANK5   BANK6   BANK7   BANK8   BANK9  BANK10  BANK11  BANK12  BANK13  BANK14  BANK15
      Params:         0       0       0       0       0       0       0       0       0       0       0       0       0       0       0       0       0
      Locals:         0       1       0       0       0       0       0       0       0       0       0       0       0       0       0       0       0
      Temps:          0       1       0       0       0       0       0       0       0       0       0       0       0       0       0       0       0
      Totals:         0       2       0       0       0       0       0       0       0       0       0       0       0       0       0       0       0
Total ram usage:        2 bytes
 Hardware stack levels used:    1
 Hardware stack levels required when called:   13
 This function calls:
		_WritePort_BBSPI
 This function is called by:
		_LCDInit
 This function uses a non-reentrant model


 *************** function _WritePort_BBSPI *****************
 Defined at:
		line 102 in file "setup_LCD_2.c"
 Parameters:    Size  Location     Type
  port_add        1    wreg     unsigned char 
  a               1   23[BANK0 ] unsigned char 
 Auto vars:     Size  Location     Type
  port_add        1   24[BANK0 ] unsigned char 
 Return value:  Size  Location     Type
                  1    wreg      void 
 Registers used:
		wreg, status,2, status,0, cstack
 Tracked objects:
		On entry : 
		On exit  : 
		Unchanged: 
 Data sizes:     COMRAM   BANK0   BANK1   BANK2   BANK3   BANK4   BANK5   BANK6   BANK7   BANK8   BANK9  BANK10  BANK11  BANK12  BANK13  BANK14  BANK15
      Params:         0       1       0       0       0       0       0       0       0       0       0       0       0       0       0       0       0
      Locals:         0       1       0       0       0       0       0       0       0       0       0       0       0       0       0       0       0
      Temps:          0       0       0       0       0       0       0       0       0       0       0       0       0       0       0       0       0
      Totals:         0       2       0       0       0       0       0       0       0       0       0       0       0       0       0       0       0
Total ram usage:        2 bytes
 Hardware stack levels used:    1
 Hardware stack levels required when called:   12
 This function calls:
		_SendByteBBSPI
 This function is called by:
		_LCDInit
		_LCDPutInst
 This function uses a non-reentrant model


 *************** function _SendByteBBSPI *****************
 Defined at:
		line 49 in file "setup_LCD_2.c"
 Parameters:    Size  Location     Type
  output          1    wreg     unsigned char 
 Auto vars:     Size  Location     Type
  output          1   20[BANK0 ] unsigned char 
  input           1   22[BANK0 ] unsigned char 
  bitcount        1   21[BANK0 ] unsigned char 
 Return value:  Size  Location     Type
                  1    wreg      void 
 Registers used:
		wreg, status,2, status,0
 Tracked objects:
		On entry : 
		On exit  : 
		Unchanged: 
 Data sizes:     COMRAM   BANK0   BANK1   BANK2   BANK3   BANK4   BANK5   BANK6   BANK7   BANK8   BANK9  BANK10  BANK11  BANK12  BANK13  BANK14  BANK15
      Params:         0       0       0       0       0       0       0       0       0       0       0       0       0       0       0       0       0
      Locals:         0       3       0       0       0       0       0       0       0       0       0       0       0       0       0       0       0
      Temps:          0       0       0       0       0       0       0       0       0       0       0       0       0       0       0       0       0
      Totals:         0       3       0       0       0       0       0       0       0       0       0       0       0       0       0       0       0
Total ram usage:        3 bytes
 Hardware stack levels used:    1
 Hardware stack levels required when called:   11
 This function calls:
		Nothing
 This function is called by:
		_Port_BBSPIInit
		_WritePort_BBSPI
 This function uses a non-reentrant model


 *************** function _InitBBSPI *****************
 Defined at:
		line 28 in file "setup_LCD_2.c"
 Parameters:    Size  Location     Type
		None
 Auto vars:     Size  Location     Type
		None
 Return value:  Size  Location     Type
                  1    wreg      void 
 Registers used:
		None
 Tracked objects:
		On entry : 
		On exit  : 
		Unchanged: 
 Data sizes:     COMRAM   BANK0   BANK1   BANK2   BANK3   BANK4   BANK5   BANK6   BANK7   BANK8   BANK9  BANK10  BANK11  BANK12  BANK13  BANK14  BANK15
      Params:         0       0       0       0       0       0       0       0       0       0       0       0       0       0       0       0       0
      Locals:         0       0       0       0       0       0       0       0       0       0       0       0       0       0       0       0       0
      Temps:          0       0       0       0       0       0       0       0       0       0       0       0       0       0       0       0       0
      Totals:         0       0       0       0       0       0       0       0       0       0       0       0       0       0       0       0       0
Total ram usage:        0 bytes
 Hardware stack levels used:    1
 Hardware stack levels required when called:   11
 This function calls:
		Nothing
 This function is called by:
		_LCDInit
 This function uses a non-reentrant model


 *************** function _function_interrupt_TMR0 *****************
 Defined at:
		line 56 in file "setup_basic.c"
 Parameters:    Size  Location     Type
		None
 Auto vars:     Size  Location     Type
		None
 Return value:  Size  Location     Type
                  1    wreg      void 
 Registers used:
		wreg, fsr1l, fsr1h, fsr2l, fsr2h, status,2, status,0, tblptrl, tblptrh, tblptru, cstack
 Tracked objects:
		On entry : 
		On exit  : 
		Unchanged: 
 Data sizes:     COMRAM   BANK0   BANK1   BANK2   BANK3   BANK4   BANK5   BANK6   BANK7   BANK8   BANK9  BANK10  BANK11  BANK12  BANK13  BANK14  BANK15
      Params:         0       0       0       0       0       0       0       0       0       0       0       0       0       0       0       0       0
      Locals:         0       0       0       0       0       0       0       0       0       0       0       0       0       0       0       0       0
      Temps:          0       8       0       0       0       0       0       0       0       0       0       0       0       0       0       0       0
      Totals:         0       8       0       0       0       0       0       0       0       0       0       0       0       0       0       0       0
Total ram usage:        8 bytes
 Hardware stack levels used:    1
 Hardware stack levels required when called:   10
 This function calls:
		_FSM
		_operate_DHT11
		_print_DHT11
 This function is called by:
		Interrupt level 2
 This function uses a non-reentrant model


 *************** function _print_DHT11 *****************
 Defined at:
		line 49 in file "dht11_01.c"
 Parameters:    Size  Location     Type
		None
 Auto vars:     Size  Location     Type
		None
 Return value:  Size  Location     Type
                  1    wreg      void 
 Registers used:
		wreg, fsr1l, fsr1h, fsr2l, fsr2h, status,2, status,0, tblptrl, tblptrh, tblptru, cstack
 Tracked objects:
		On entry : 
		On exit  : 
		Unchanged: 
 Data sizes:     COMRAM   BANK0   BANK1   BANK2   BANK3   BANK4   BANK5   BANK6   BANK7   BANK8   BANK9  BANK10  BANK11  BANK12  BANK13  BANK14  BANK15
      Params:         0       0       0       0       0       0       0       0       0       0       0       0       0       0       0       0       0
      Locals:         0       0       0       0       0       0       0       0       0       0       0       0       0       0       0       0       0
      Temps:          0       0       0       0       0       0       0       0       0       0       0       0       0       0       0       0       0
      Totals:         0       0       0       0       0       0       0       0       0       0       0       0       0       0       0       0       0
Total ram usage:        0 bytes
 Hardware stack levels used:    1
 Hardware stack levels required when called:    8
 This function calls:
		_LCDPutChar
		_LCDPutStr
		_sprintf
		i2_LCDPutInst
 This function is called by:
		_function_interrupt_TMR0
 This function uses a non-reentrant model


 *************** function _operate_DHT11 *****************
 Defined at:
		line 32 in file "dht11_01.c"
 Parameters:    Size  Location     Type
		None
 Auto vars:     Size  Location     Type
		None
 Return value:  Size  Location     Type
                  2   40[None  ] int 
 Registers used:
		wreg, status,2, status,0, cstack
 Tracked objects:
		On entry : 
		On exit  : 
		Unchanged: 
 Data sizes:     COMRAM   BANK0   BANK1   BANK2   BANK3   BANK4   BANK5   BANK6   BANK7   BANK8   BANK9  BANK10  BANK11  BANK12  BANK13  BANK14  BANK15
      Params:         0       0       0       0       0       0       0       0       0       0       0       0       0       0       0       0       0
      Locals:         0       0       0       0       0       0       0       0       0       0       0       0       0       0       0       0       0
      Temps:          0       0       0       0       0       0       0       0       0       0       0       0       0       0       0       0       0
      Totals:         0       0       0       0       0       0       0       0       0       0       0       0       0       0       0       0       0
Total ram usage:        0 bytes
 Hardware stack levels used:    1
 Hardware stack levels required when called:    1
 This function calls:
		_DHT11_CheckResponse
		_DHT11_ReadData
		_DHT11_Start
 This function is called by:
		_function_interrupt_TMR0
 This function uses a non-reentrant model


 *************** function _DHT11_Start *****************
 Defined at:
		line 3 in file "dht11_01.c"
 Parameters:    Size  Location     Type
		None
 Auto vars:     Size  Location     Type
		None
 Return value:  Size  Location     Type
                  1    wreg      void 
 Registers used:
		wreg
 Tracked objects:
		On entry : 
		On exit  : 
		Unchanged: 
 Data sizes:     COMRAM   BANK0   BANK1   BANK2   BANK3   BANK4   BANK5   BANK6   BANK7   BANK8   BANK9  BANK10  BANK11  BANK12  BANK13  BANK14  BANK15
      Params:         0       0       0       0       0       0       0       0       0       0       0       0       0       0       0       0       0
      Locals:         0       0       0       0       0       0       0       0       0       0       0       0       0       0       0       0       0
      Temps:          1       0       0       0       0       0       0       0       0       0       0       0       0       0       0       0       0
      Totals:         1       0       0       0       0       0       0       0       0       0       0       0       0       0       0       0       0
Total ram usage:        1 bytes
 Hardware stack levels used:    1
 This function calls:
		Nothing
 This function is called by:
		_operate_DHT11
 This function uses a non-reentrant model


 *************** function _DHT11_ReadData *****************
 Defined at:
		line 18 in file "dht11_01.c"
 Parameters:    Size  Location     Type
		None
 Auto vars:     Size  Location     Type
  data_dht        1    1[COMRAM] unsigned char 
  i               1    0[COMRAM] unsigned char 
 Return value:  Size  Location     Type
                  1    wreg      unsigned char 
 Registers used:
		wreg, status,2, status,0
 Tracked objects:
		On entry : 
		On exit  : 
		Unchanged: 
 Data sizes:     COMRAM   BANK0   BANK1   BANK2   BANK3   BANK4   BANK5   BANK6   BANK7   BANK8   BANK9  BANK10  BANK11  BANK12  BANK13  BANK14  BANK15
      Params:         0       0       0       0       0       0       0       0       0       0       0       0       0       0       0       0       0
      Locals:         2       0       0       0       0       0       0       0       0       0       0       0       0       0       0       0       0
      Temps:          0       0       0       0       0       0       0       0       0       0       0       0       0       0       0       0       0
      Totals:         2       0       0       0       0       0       0       0       0       0       0       0       0       0       0       0       0
Total ram usage:        2 bytes
 Hardware stack levels used:    1
 This function calls:
		Nothing
 This function is called by:
		_operate_DHT11
 This function uses a non-reentrant model


 *************** function _DHT11_CheckResponse *****************
 Defined at:
		line 12 in file "dht11_01.c"
 Parameters:    Size  Location     Type
		None
 Auto vars:     Size  Location     Type
		None
 Return value:  Size  Location     Type
                  1    wreg      void 
 Registers used:
		None
 Tracked objects:
		On entry : 
		On exit  : 
		Unchanged: 
 Data sizes:     COMRAM   BANK0   BANK1   BANK2   BANK3   BANK4   BANK5   BANK6   BANK7   BANK8   BANK9  BANK10  BANK11  BANK12  BANK13  BANK14  BANK15
      Params:         0       0       0       0       0       0       0       0       0       0       0       0       0       0       0       0       0
      Locals:         0       0       0       0       0       0       0       0       0       0       0       0       0       0       0       0       0
      Temps:          0       0       0       0       0       0       0       0       0       0       0       0       0       0       0       0       0
      Totals:         0       0       0       0       0       0       0       0       0       0       0       0       0       0       0       0       0
Total ram usage:        0 bytes
 Hardware stack levels used:    1
 This function calls:
		Nothing
 This function is called by:
		_operate_DHT11
 This function uses a non-reentrant model


 *************** function _FSM *****************
 Defined at:
		line 60 in file "solution01.c"
 Parameters:    Size  Location     Type
		None
 Auto vars:     Size  Location     Type
		None
 Return value:  Size  Location     Type
                  1    wreg      void 
 Registers used:
		wreg, fsr1l, fsr1h, fsr2l, fsr2h, status,2, status,0, tblptrl, tblptrh, tblptru, cstack
 Tracked objects:
		On entry : 
		On exit  : 
		Unchanged: 
 Data sizes:     COMRAM   BANK0   BANK1   BANK2   BANK3   BANK4   BANK5   BANK6   BANK7   BANK8   BANK9  BANK10  BANK11  BANK12  BANK13  BANK14  BANK15
      Params:         0       0       0       0       0       0       0       0       0       0       0       0       0       0       0       0       0
      Locals:         0       0       0       0       0       0       0       0       0       0       0       0       0       0       0       0       0
      Temps:          0       2       0       0       0       0       0       0       0       0       0       0       0       0       0       0       0
      Totals:         0       2       0       0       0       0       0       0       0       0       0       0       0       0       0       0       0
Total ram usage:        2 bytes
 Hardware stack levels used:    1
 Hardware stack levels required when called:    9
 This function calls:
		_check_but_RB0
		_print_hum_state2
		_print_temp_state1
		_set_defined_hum
		_set_defined_temp
		i2_LCDPutInst
 This function is called by:
		_function_interrupt_TMR0
 This function uses a non-reentrant model


 *************** function _set_defined_temp *****************
 Defined at:
		line 28 in file "solution01.c"
 Parameters:    Size  Location     Type
		None
 Auto vars:     Size  Location     Type
		None
 Return value:  Size  Location     Type
                  1    wreg      void 
 Registers used:
		wreg, status,2, status,0, cstack
 Tracked objects:
		On entry : 
		On exit  : 
		Unchanged: 
 Data sizes:     COMRAM   BANK0   BANK1   BANK2   BANK3   BANK4   BANK5   BANK6   BANK7   BANK8   BANK9  BANK10  BANK11  BANK12  BANK13  BANK14  BANK15
      Params:         0       0       0       0       0       0       0       0       0       0       0       0       0       0       0       0       0
      Locals:         0       0       0       0       0       0       0       0       0       0       0       0       0       0       0       0       0
      Temps:          0       0       0       0       0       0       0       0       0       0       0       0       0       0       0       0       0
      Totals:         0       0       0       0       0       0       0       0       0       0       0       0       0       0       0       0       0
Total ram usage:        0 bytes
 Hardware stack levels used:    1
 Hardware stack levels required when called:    1
 This function calls:
		_check_but_RA5
 This function is called by:
		_FSM
 This function uses a non-reentrant model


 *************** function _set_defined_hum *****************
 Defined at:
		line 44 in file "solution01.c"
 Parameters:    Size  Location     Type
		None
 Auto vars:     Size  Location     Type
		None
 Return value:  Size  Location     Type
                  1    wreg      void 
 Registers used:
		wreg, status,2, status,0, cstack
 Tracked objects:
		On entry : 
		On exit  : 
		Unchanged: 
 Data sizes:     COMRAM   BANK0   BANK1   BANK2   BANK3   BANK4   BANK5   BANK6   BANK7   BANK8   BANK9  BANK10  BANK11  BANK12  BANK13  BANK14  BANK15
      Params:         0       0       0       0       0       0       0       0       0       0       0       0       0       0       0       0       0
      Locals:         0       0       0       0       0       0       0       0       0       0       0       0       0       0       0       0       0
      Temps:          0       0       0       0       0       0       0       0       0       0       0       0       0       0       0       0       0
      Totals:         0       0       0       0       0       0       0       0       0       0       0       0       0       0       0       0       0
Total ram usage:        0 bytes
 Hardware stack levels used:    1
 Hardware stack levels required when called:    1
 This function calls:
		_check_but_RA5
 This function is called by:
		_FSM
 This function uses a non-reentrant model


 *************** function _check_but_RA5 *****************
 Defined at:
		line 15 in file "solution01.c"
 Parameters:    Size  Location     Type
		None
 Auto vars:     Size  Location     Type
		None
 Return value:  Size  Location     Type
                  2    0[COMRAM] int 
 Registers used:
		wreg, status,2
 Tracked objects:
		On entry : 
		On exit  : 
		Unchanged: 
 Data sizes:     COMRAM   BANK0   BANK1   BANK2   BANK3   BANK4   BANK5   BANK6   BANK7   BANK8   BANK9  BANK10  BANK11  BANK12  BANK13  BANK14  BANK15
      Params:         2       0       0       0       0       0       0       0       0       0       0       0       0       0       0       0       0
      Locals:         0       0       0       0       0       0       0       0       0       0       0       0       0       0       0       0       0
      Temps:          0       0       0       0       0       0       0       0       0       0       0       0       0       0       0       0       0
      Totals:         2       0       0       0       0       0       0       0       0       0       0       0       0       0       0       0       0
Total ram usage:        2 bytes
 Hardware stack levels used:    1
 This function calls:
		Nothing
 This function is called by:
		_set_defined_temp
		_set_defined_hum
 This function uses a non-reentrant model


 *************** function _print_temp_state1 *****************
 Defined at:
		line 37 in file "solution01.c"
 Parameters:    Size  Location     Type
		None
 Auto vars:     Size  Location     Type
		None
 Return value:  Size  Location     Type
                  1    wreg      void 
 Registers used:
		wreg, fsr1l, fsr1h, fsr2l, fsr2h, status,2, status,0, tblptrl, tblptrh, tblptru, cstack
 Tracked objects:
		On entry : 
		On exit  : 
		Unchanged: 
 Data sizes:     COMRAM   BANK0   BANK1   BANK2   BANK3   BANK4   BANK5   BANK6   BANK7   BANK8   BANK9  BANK10  BANK11  BANK12  BANK13  BANK14  BANK15
      Params:         0       0       0       0       0       0       0       0       0       0       0       0       0       0       0       0       0
      Locals:         0       0       0       0       0       0       0       0       0       0       0       0       0       0       0       0       0
      Temps:          0       0       0       0       0       0       0       0       0       0       0       0       0       0       0       0       0
      Totals:         0       0       0       0       0       0       0       0       0       0       0       0       0       0       0       0       0
Total ram usage:        0 bytes
 Hardware stack levels used:    1
 Hardware stack levels required when called:    8
 This function calls:
		_LCDPutStr
		_sprintf
		i2_LCDPutInst
 This function is called by:
		_FSM
 This function uses a non-reentrant model


 *************** function _print_hum_state2 *****************
 Defined at:
		line 53 in file "solution01.c"
 Parameters:    Size  Location     Type
		None
 Auto vars:     Size  Location     Type
		None
 Return value:  Size  Location     Type
                  1    wreg      void 
 Registers used:
		wreg, fsr1l, fsr1h, fsr2l, fsr2h, status,2, status,0, tblptrl, tblptrh, tblptru, cstack
 Tracked objects:
		On entry : 
		On exit  : 
		Unchanged: 
 Data sizes:     COMRAM   BANK0   BANK1   BANK2   BANK3   BANK4   BANK5   BANK6   BANK7   BANK8   BANK9  BANK10  BANK11  BANK12  BANK13  BANK14  BANK15
      Params:         0       0       0       0       0       0       0       0       0       0       0       0       0       0       0       0       0
      Locals:         0       0       0       0       0       0       0       0       0       0       0       0       0       0       0       0       0
[...]
 Return value:  Size  Location     Type
                  2    0[COMRAM] int 
 Registers used:
		wreg, fsr1l, fsr1h, fsr2l, fsr2h, status,2, status,0, cstack
 Tracked objects:
		On entry : 
		On exit  : 
		Unchanged: 
 Data sizes:     COMRAM   BANK0   BANK1   BANK2   BANK3   BANK4   BANK5   BANK6   BANK7   BANK8   BANK9  BANK10  BANK11  BANK12  BANK13  BANK14  BANK15
      Params:         4       0       0       0       0       0       0       0       0       0       0       0       0       0       0       0       0
      Locals:         0       0       0       0       0       0       0       0       0       0       0       0       0       0       0       0       0
      Temps:          5       0       0       0       0       0       0       0       0       0       0       0       0       0       0       0       0
      Totals:         9       0       0       0       0       0       0       0       0       0       0       0       0       0       0       0       0
Total ram usage:        9 bytes
 Hardware stack levels used:    1
 Hardware stack levels required when called:    1
 This function calls:
		_putch
 This function is called by:
		_pad
		_vfpfcnvrt
		_fputs
 This function uses a non-reentrant model


 *************** function _putch *****************
 Defined at:
		line 7 in file "D:\hk191dhbknam3hk1\e_vi_xu_ly_vi_dieu_khien_\software_needed_for_lab\folder_caidat\Microchip\xc8\v2.10\pic\sources\c99\common\putch.c"
 Parameters:    Size  Location     Type
  c               1    wreg     unsigned char 
 Auto vars:     Size  Location     Type
  c               1    0[COMRAM] unsigned char 
 Return value:  Size  Location     Type
                  1    wreg      void 
 Registers used:
		wreg
 Tracked objects:
		On entry : 
		On exit  : 
		Unchanged: 
 Data sizes:     COMRAM   BANK0   BANK1   BANK2   BANK3   BANK4   BANK5   BANK6   BANK7   BANK8   BANK9  BANK10  BANK11  BANK12  BANK13  BANK14  BANK15
      Params:         0       0       0       0       0       0       0       0       0       0       0       0       0       0       0       0       0
      Locals:         0       0       0       0       0       0       0       0       0       0       0       0       0       0       0       0       0
      Temps:          0       0       0       0       0       0       0       0       0       0       0       0       0       0       0       0       0
      Totals:         0       0       0       0       0       0       0       0       0       0       0       0       0       0       0       0       0
Total ram usage:        0 bytes
 Hardware stack levels used:    1
 This function calls:
		Nothing
 This function is called by:
		_fputc
 This function uses a non-reentrant model


 *************** function _abs *****************
 Defined at:
		line 1 in file "D:\hk191dhbknam3hk1\e_vi_xu_ly_vi_dieu_khien_\software_needed_for_lab\folder_caidat\Microchip\xc8\v2.10\pic\sources\c99\common\abs.c"
 Parameters:    Size  Location     Type
  a               2   18[COMRAM] int 
 Auto vars:     Size  Location     Type
		None
 Return value:  Size  Location     Type
                  2   18[COMRAM] int 
 Registers used:
		wreg, status,2, status,0
 Tracked objects:
		On entry : 
		On exit  : 
		Unchanged: 
 Data sizes:     COMRAM   BANK0   BANK1   BANK2   BANK3   BANK4   BANK5   BANK6   BANK7   BANK8   BANK9  BANK10  BANK11  BANK12  BANK13  BANK14  BANK15
      Params:         2       0       0       0       0       0       0       0       0       0       0       0       0       0       0       0       0
      Locals:         0       0       0       0       0       0       0       0       0       0       0       0       0       0       0       0       0
      Temps:          2       0       0       0       0       0       0       0       0       0       0       0       0       0       0       0       0
      Totals:         4       0       0       0       0       0       0       0       0       0       0       0       0       0       0       0       0
Total ram usage:        4 bytes
 Hardware stack levels used:    1
 This function calls:
		Nothing
 This function is called by:
		_dtoa
 This function uses a non-reentrant model


 *************** function ___aomod *****************
 Defined at:
		line 9 in file "D:\hk191dhbknam3hk1\e_vi_xu_ly_vi_dieu_khien_\software_needed_for_lab\folder_caidat\Microchip\xc8\v2.10\pic\sources\c99\common\aomod.c"
 Parameters:    Size  Location     Type
  dividend        8    0[COMRAM] long long 
  divisor         8    8[COMRAM] long long 
 Auto vars:     Size  Location     Type
  sign            1   17[COMRAM] unsigned char 
  counter         1   16[COMRAM] unsigned char 
 Return value:  Size  Location     Type
                  8    0[COMRAM] long long 
 Registers used:
		wreg, status,2, status,0
 Tracked objects:
		On entry : 
		On exit  : 
		Unchanged: 
 Data sizes:     COMRAM   BANK0   BANK1   BANK2   BANK3   BANK4   BANK5   BANK6   BANK7   BANK8   BANK9  BANK10  BANK11  BANK12  BANK13  BANK14  BANK15
      Params:        16       0       0       0       0       0       0       0       0       0       0       0       0       0       0       0       0
      Locals:         2       0       0       0       0       0       0       0       0       0       0       0       0       0       0       0       0
      Temps:          0       0       0       0       0       0       0       0       0       0       0       0       0       0       0       0       0
      Totals:        18       0       0       0       0       0       0       0       0       0       0       0       0       0       0       0       0
Total ram usage:       18 bytes
 Hardware stack levels used:    1
 This function calls:
		Nothing
 This function is called by:
		_dtoa
 This function uses a non-reentrant model


 *************** function ___aodiv *****************
 Defined at:
		line 9 in file "D:\hk191dhbknam3hk1\e_vi_xu_ly_vi_dieu_khien_\software_needed_for_lab\folder_caidat\Microchip\xc8\v2.10\pic\sources\c99\common\aodiv.c"
 Parameters:    Size  Location     Type
  dividend        8    0[COMRAM] long long 
  divisor         8    8[COMRAM] long long 
 Auto vars:     Size  Location     Type
  quotient        8   18[COMRAM] long long 
  sign            1   17[COMRAM] unsigned char 
  counter         1   16[COMRAM] unsigned char 
 Return value:  Size  Location     Type
                  8    0[COMRAM] long long 
 Registers used:
		wreg, fsr2l, fsr2h, status,2, status,0
 Tracked objects:
		On entry : 
		On exit  : 
		Unchanged: 
 Data sizes:     COMRAM   BANK0   BANK1   BANK2   BANK3   BANK4   BANK5   BANK6   BANK7   BANK8   BANK9  BANK10  BANK11  BANK12  BANK13  BANK14  BANK15
      Params:        16       0       0       0       0       0       0       0       0       0       0       0       0       0       0       0       0
      Locals:        10       0       0       0       0       0       0       0       0       0       0       0       0       0       0       0       0
      Temps:          0       0       0       0       0       0       0       0       0       0       0       0       0       0       0       0       0
      Totals:        26       0       0       0       0       0       0       0       0       0       0       0       0       0       0       0       0
Total ram usage:       26 bytes
 Hardware stack levels used:    1
 This function calls:
		Nothing
 This function is called by:
		_dtoa
 This function uses a non-reentrant model


 *************** function _LCDPutStr *****************
 Defined at:
		line 156 in file "setup_LCD_2.c"
 Parameters:    Size  Location     Type
  ptr             2    7[COMRAM] PTR const unsigned char 
		 -> value(10), STR_3(10), defined_value_arr(3), STR_1(11), 
 Auto vars:     Size  Location     Type
		None
 Return value:  Size  Location     Type
                  1    wreg      void 
 Registers used:
		wreg, fsr1l, fsr1h, status,2, status,0, tblptrl, tblptrh, tblptru, cstack
 Tracked objects:
		On entry : 
		On exit  : 
		Unchanged: 
 Data sizes:     COMRAM   BANK0   BANK1   BANK2   BANK3   BANK4   BANK5   BANK6   BANK7   BANK8   BANK9  BANK10  BANK11  BANK12  BANK13  BANK14  BANK15
      Params:         2       0       0       0       0       0       0       0       0       0       0       0       0       0       0       0       0
      Locals:         0       0       0       0       0       0       0       0       0       0       0       0       0       0       0       0       0
      Temps:          0       0       0       0       0       0       0       0       0       0       0       0       0       0       0       0       0
      Totals:         2       0       0       0       0       0       0       0       0       0       0       0       0       0       0       0       0
Total ram usage:        2 bytes
 Hardware stack levels used:    1
 Hardware stack levels required when called:    3
 This function calls:
		_LCDPutChar
 This function is called by:
		_print_temp_state1
		_print_hum_state2
		_print_DHT11
 This function uses a non-reentrant model


 *************** function _LCDPutChar *****************
 Defined at:
		line 118 in file "setup_LCD_2.c"
 Parameters:    Size  Location     Type
  ch              1    wreg     unsigned char 
 Auto vars:     Size  Location     Type
  ch              1    6[COMRAM] unsigned char 
 Return value:  Size  Location     Type
                  1    wreg      void 
 Registers used:
		wreg, status,2, status,0, cstack
 Tracked objects:
		On entry : 
		On exit  : 
		Unchanged: 
 Data sizes:     COMRAM   BANK0   BANK1   BANK2   BANK3   BANK4   BANK5   BANK6   BANK7   BANK8   BANK9  BANK10  BANK11  BANK12  BANK13  BANK14  BANK15
      Params:         0       0       0       0       0       0       0       0       0       0       0       0       0       0       0       0       0
      Locals:         1       0       0       0       0       0       0       0       0       0       0       0       0       0       0       0       0
      Temps:          1       0       0       0       0       0       0       0       0       0       0       0       0       0       0       0       0
      Totals:         2       0       0       0       0       0       0       0       0       0       0       0       0       0       0       0       0
Total ram usage:        2 bytes
 Hardware stack levels used:    1
 Hardware stack levels required when called:    2
 This function calls:
		i2_WritePort_BBSPI
 This function is called by:
		_LCDPutStr
		_print_DHT11
 This function uses a non-reentrant model


 *************** function i2_WritePort_BBSPI *****************
 Defined at:
		line 102 in file "setup_LCD_2.c"
 Parameters:    Size  Location     Type
  port_add        1    wreg     unsigned char 
  a               1    3[COMRAM] unsigned char 
 Auto vars:     Size  Location     Type
  port_add        1    4[COMRAM] unsigned char 
 Return value:  Size  Location     Type
                  1    wreg      void 
 Registers used:
		wreg, status,2, status,0, cstack
 Tracked objects:
		On entry : 
		On exit  : 
		Unchanged: 
 Data sizes:     COMRAM   BANK0   BANK1   BANK2   BANK3   BANK4   BANK5   BANK6   BANK7   BANK8   BANK9  BANK10  BANK11  BANK12  BANK13  BANK14  BANK15
      Params:         1       0       0       0       0       0       0       0       0       0       0       0       0       0       0       0       0
      Locals:         1       0       0       0       0       0       0       0       0       0       0       0       0       0       0       0       0
      Temps:          0       0       0       0       0       0       0       0       0       0       0       0       0       0       0       0       0
      Totals:         2       0       0       0       0       0       0       0       0       0       0       0       0       0       0       0       0
Total ram usage:        2 bytes
 Hardware stack levels used:    1
 Hardware stack levels required when called:    1
 This function calls:
		i2_SendByteBBSPI
 This function is called by:
		_LCDPutChar
		i2_LCDPutInst
 This function uses a non-reentrant model


 *************** function i2_SendByteBBSPI *****************
 Defined at:
		line 49 in file "setup_LCD_2.c"
 Parameters:    Size  Location     Type
  output          1    wreg     unsigned char 
 Auto vars:     Size  Location     Type
  output          1    0[COMRAM] unsigned char 
  SendByteBBSP    1    2[COMRAM] unsigned char 
  SendByteBBSP    1    1[COMRAM] unsigned char 
 Return value:  Size  Location     Type
                  1    wreg      void 
 Registers used:
		wreg, status,2, status,0
 Tracked objects:
		On entry : 
		On exit  : 
		Unchanged: 
 Data sizes:     COMRAM   BANK0   BANK1   BANK2   BANK3   BANK4   BANK5   BANK6   BANK7   BANK8   BANK9  BANK10  BANK11  BANK12  BANK13  BANK14  BANK15
      Params:         0       0       0       0       0       0       0       0       0       0       0       0       0       0       0       0       0
      Locals:         3       0       0       0       0       0       0       0       0       0       0       0       0       0       0       0       0
      Temps:          0       0       0       0       0       0       0       0       0       0       0       0       0       0       0       0       0
      Totals:         3       0       0       0       0       0       0       0       0       0       0       0       0       0       0       0       0
Total ram usage:        3 bytes
 Hardware stack levels used:    1
 This function calls:
		Nothing
 This function is called by:
		i2_WritePort_BBSPI
 This function uses a non-reentrant model


 *************** function _check_but_RB0 *****************
 Defined at:
		line 3 in file "solution01.c"
 Parameters:    Size  Location     Type
		None
 Auto vars:     Size  Location     Type
		None
 Return value:  Size  Location     Type
                  2    0[COMRAM] int 
 Registers used:
		wreg, status,2
 Tracked objects:
		On entry : 
		On exit  : 
		Unchanged: 
 Data sizes:     COMRAM   BANK0   BANK1   BANK2   BANK3   BANK4   BANK5   BANK6   BANK7   BANK8   BANK9  BANK10  BANK11  BANK12  BANK13  BANK14  BANK15
      Params:         2       0       0       0       0       0       0       0       0       0       0       0       0       0       0       0       0
      Locals:         0       0       0       0       0       0       0       0       0       0       0       0       0       0       0       0       0
      Temps:          0       0       0       0       0       0       0       0       0       0       0       0       0       0       0       0       0
      Totals:         2       0       0       0       0       0       0       0       0       0       0       0       0       0       0       0       0
Total ram usage:        2 bytes
 Hardware stack levels used:    1
 This function calls:
		Nothing
 This function is called by:
		_FSM
 This function uses a non-reentrant model



MODULE INFORMATION

Module		Function		Class		Link	Load	Size
D:\hk191dhbknam3hk1\e_vi_xu_ly_vi_dieu_khien_\software_needed_for_lab\folder_caidat\Microchip\xc8\v2.10\pic\sources\c99\common\nf_fputs.c
		_fputs         		CODE           	2150	0000	69

D:\hk191dhbknam3hk1\e_vi_xu_ly_vi_dieu_khien_\software_needed_for_lab\folder_caidat\Microchip\xc8\v2.10\pic\sources\c99\common\nf_fputs.c estimated size: 69

setup_basic.c
		_function_interrupt_TMR0		CODE           	0008	0000	243
		_pin_manager   		CODE           	2454	0000	19
		_system_initialize		CODE           	2442	0000	19
		_oscillator_initialize		CODE           	2478	0000	11
		_timer_0_initialize		CODE           	23F8	0000	29
		_interrupt_initialize		CODE           	2482	0000	7

setup_basic.c estimated size: 328

solution01.c
		_set_defined_hum		CODE           	21D6	0000	65
		_print_hum_state2		CODE           	2292	0000	61
		_print_temp_state1		CODE           	2256	0000	61
		_check_but_RB0 		CODE           	20A4	0000	91
		_check_but_RA5 		CODE           	204A	0000	91
		_FSM           		CODE           	12FC	0000	513
		_set_defined_temp		CODE           	2194	0000	67

solution01.c estimated size: 949

dht11_01.c
		_print_DHT11   		CODE           	1DF4	0000	103
		_DHT11_Start   		CODE           	23BA	0000	33
		_DHT11_CheckResponse		CODE           	236E	0000	45
		_DHT11_ReadData		CODE           	1FEE	0000	93
		_operate_DHT11 		CODE           	233C	0000	51

dht11_01.c estimated size: 325

D:\hk191dhbknam3hk1\e_vi_xu_ly_vi_dieu_khien_\software_needed_for_lab\folder_caidat\Microchip\xc8\v2.10\pic\sources\c99\common\aomod.c
		___aomod       		CODE           	184C	0000	357

D:\hk191dhbknam3hk1\e_vi_xu_ly_vi_dieu_khien_\software_needed_for_lab\folder_caidat\Microchip\xc8\v2.10\pic\sources\c99\common\aomod.c estimated size: 357

D:\hk191dhbknam3hk1\e_vi_xu_ly_vi_dieu_khien_\software_needed_for_lab\folder_caidat\Microchip\xc8\v2.10\pic\sources\c99\common\strlen.c
		_strlen        		CODE           	2306	0000	55

D:\hk191dhbknam3hk1\e_vi_xu_ly_vi_dieu_khien_\software_needed_for_lab\folder_caidat\Microchip\xc8\v2.10\pic\sources\c99\common\strlen.c estimated size: 55

D:\hk191dhbknam3hk1\e_vi_xu_ly_vi_dieu_khien_\software_needed_for_lab\folder_caidat\Microchip\xc8\v2.10\pic\sources\c99\common\putch.c
		_putch         		CODE           	248C	0000	3

D:\hk191dhbknam3hk1\e_vi_xu_ly_vi_dieu_khien_\software_needed_for_lab\folder_caidat\Microchip\xc8\v2.10\pic\sources\c99\common\putch.c estimated size: 3

shared
		i2_SendByteBBSPI		CODE           	1D1E	0000	113
		i2_WritePort_BBSPI		CODE           	2414	0000	27
		__initialization		CODE           	22CE	0000	47
		i2_LCDPutInst  		CODE           	1E5A	0000	103

shared estimated size: 290

setup_LCD_2.c
		_LCDPutStr     		CODE           	1F8C	0000	99
		_LCDPutChar    		CODE           	1F26	0000	103
		_SendByteBBSPI 		CODE           	1CA8	0000	119
		_LCDInit       		CODE           	1D8E	0000	103
		_LCDPutInst    		CODE           	1C2C	0000	125
		_WritePort_BBSPI		CODE           	239A	0000	33
		_InitBBSPI     		CODE           	2466	0000	19
		_Port_BBSPIInit		CODE           	23DA	0000	31

setup_LCD_2.c estimated size: 632

D:\hk191dhbknam3hk1\e_vi_xu_ly_vi_dieu_khien_\software_needed_for_lab\folder_caidat\Microchip\xc8\v2.10\pic\sources\c99\common\nf_fputc.c
		_fputc         		CODE           	1A9C	0000	203

D:\hk191dhbknam3hk1\e_vi_xu_ly_vi_dieu_khien_\software_needed_for_lab\folder_caidat\Microchip\xc8\v2.10\pic\sources\c99\common\nf_fputc.c estimated size: 203

D:\hk191dhbknam3hk1\e_vi_xu_ly_vi_dieu_khien_\software_needed_for_lab\folder_caidat\Microchip\xc8\v2.10\pic\sources\c99\common\abs.c
		_abs           		CODE           	2216	0000	65

D:\hk191dhbknam3hk1\e_vi_xu_ly_vi_dieu_khien_\software_needed_for_lab\folder_caidat\Microchip\xc8\v2.10\pic\sources\c99\common\abs.c estimated size: 65

D:\hk191dhbknam3hk1\e_vi_xu_ly_vi_dieu_khien_\software_needed_for_lab\folder_caidat\Microchip\xc8\v2.10\pic\sources\c99\common\aodiv.c
		___aodiv       		CODE           	16C4	0000	393

D:\hk191dhbknam3hk1\e_vi_xu_ly_vi_dieu_khien_\software_needed_for_lab\folder_caidat\Microchip\xc8\v2.10\pic\sources\c99\common\aodiv.c estimated size: 393

main.c
		_main          		CODE           	242E	0000	21

main.c estimated size: 21

D:\hk191dhbknam3hk1\e_vi_xu_ly_vi_dieu_khien_\software_needed_for_lab\folder_caidat\Microchip\xc8\v2.10\pic\sources\c99\common\nf_sprintf.c
		_sprintf       		CODE           	20FE	0000	83

D:\hk191dhbknam3hk1\e_vi_xu_ly_vi_dieu_khien_\software_needed_for_lab\folder_caidat\Microchip\xc8\v2.10\pic\sources\c99\common\nf_sprintf.c estimated size: 83

D:\hk191dhbknam3hk1\e_vi_xu_ly_vi_dieu_khien_\software_needed_for_lab\folder_caidat\Microchip\xc8\v2.10\pic\sources\c99\common\doprnt.c
		_vfpfcnvrt     		CODE           	14FC	0000	457
		_pad           		CODE           	1B66	0000	199
		_dtoa          		CODE           	101A	0000	739
		_vfprintf      		CODE           	1EC0	0000	103

D:\hk191dhbknam3hk1\e_vi_xu_ly_vi_dieu_khien_\software_needed_for_lab\folder_caidat\Microchip\xc8\v2.10\pic\sources\c99\common\doprnt.c estimated size: 1498

